// Jest Snapshot v1, https://goo.gl/fbAQLP

exports[`test snapshot should match snapshot 1`] = `
Array [
  <nav
    className="navHome"
  >
    <h2>
      Region
    </h2>
    <i
      className="fa-solid fa-microphone"
    />
    <i
      className="fa-solid fa-gear"
    />
  </nav>,
  <div
    className="regions"
  >
    <a
      href="/Europe"
      onClick={[Function]}
    >
      <div>
        <img
          alt="Europe"
          src="https://raw.githubusercontent.com/Ginohmk/worldMaps/main/maps/europe/vector.svg"
        />
        <p>
          EUROPE
        </p>
      </div>
    </a>
    <a
      href="/Oceania"
      onClick={[Function]}
    >
      <div>
        <img
          alt="Oceania"
          src="https://raw.githubusercontent.com/Ginohmk/worldMaps/main/maps/oceania/vector.svg"
        />
        <p>
          OCEANIA
        </p>
      </div>
    </a>
    <a
      href="/Africa"
      onClick={[Function]}
    >
      <div>
        <img
          alt="Africa"
          src="https://raw.githubusercontent.com/Ginohmk/worldMaps/main/maps/africa/vector.svg"
        />
        <p>
          AFRICA
        </p>
      </div>
    </a>
    <a
      href="/Asia"
      onClick={[Function]}
    >
      <div>
        <img
          alt="Asia"
          src="https://raw.githubusercontent.com/Ginohmk/worldMaps/main/maps/asia/vector.svg"
        />
        <p>
          ASIA
        </p>
      </div>
    </a>
    <a
      href="/America"
      onClick={[Function]}
    >
      <div>
        <img
          alt="America"
          src="https://raw.githubusercontent.com/Ginohmk/worldMaps/main/maps/america/vector.svg"
        />
        <p>
          AMERICA
        </p>
      </div>
    </a>
  </div>,
]
`;
